<html>
<body>
<pre>
<h1>µVision Build Log</h1>
<h2>Tool Versions:</h2>
IDE-Version: ¦ÌVision V5.21.1.0
Copyright (C) 2016 ARM Ltd and ARM Germany GmbH. All rights reserved.
License Information: titan win, rw, LIC=P6F56-DAMIC-AWL2F-65QI1-HDEAE-LXKH0
 
Tool Versions:
Toolchain:       MDK-ARM Professional  Version: 5.21a
Toolchain Path:  C:\Keil_v5\ARM\ARMCC\Bin
C Compiler:      Armcc.exe V5.06 update 3 (build 300)
Assembler:       Armasm.exe V5.06 update 3 (build 300)
Linker/Locator:  ArmLink.exe V5.06 update 3 (build 300)
Library Manager: ArmAr.exe V5.06 update 3 (build 300)
Hex Converter:   FromElf.exe V5.06 update 3 (build 300)
CPU DLL:         SARMCM3.DLL V5.21a
Dialog DLL:      DARMSTM.DLL V1.66.0.1
Target DLL:      UL2CM3.DLL V1.158.5.0
Dialog DLL:      TARMSTM.DLL V1.65.0.0
 
<h2>Project:</h2>
D:\zhuomian\titan\rt-thread\rtthread_simulator_v0.1.0\project.uvprojx
Project File Date:  09/14/2018

<h2>Output:</h2>
*** Using Compiler 'V5.06 update 3 (build 300)', folder: 'C:\Keil_v5\ARM\ARMCC\Bin'
Build target 'rtthread-stm32'
compiling main.c...
linking...
Program Size: Code=54944 RO-data=8700 RW-data=764 ZI-data=21812  
After Build - User command #1: fromelf --bin .\build\rtthread-stm32.axf --output rtthread.bin
".\build\rtthread-stm32.axf" - 0 Error(s), 0 Warning(s).

<h2>Collection of Component include folders:</h2>
  D:\zhuomian\titan\rt-thread\rtthread_simulator_v0.1.0\RTE
  C:\Keil_v5\ARM\PACK\Keil\STM32F1xx_DFP\2.2.0\Device\Include

<h2>Collection of Component Files used:</h2>
Build Time Elapsed:  00:00:01
</pre>
</body>
</html>
